// Jest Snapshot v1, https://goo.gl/fbAQLP

exports[`it renders options page correctly 1`] = `[Function]`;
